Sep 25 03:21:01 Quigly systemd[1]: continuous_logger.service: Service hold-off time over, scheduling restart.
Sep 25 03:21:01 Quigly systemd[1]: Stopped Continuous logger.
Sep 25 03:21:01 Quigly systemd[1]: Started Continuous logger.
Sep 25 03:21:01 Quigly env[26648]: Continuous Logger
Sep 25 03:21:01 Quigly env[26648]: Using usb key at /media/DISK_IMG
Sep 25 03:21:03 Quigly env[1549]: WiFi_led_status.sh: Detected Robot: GoPiGo3
Sep 25 03:21:03 Quigly env[1549]: WiFi_led_status.sh: connection_status = 1
Sep 25 03:21:03 Quigly env[1549]: WiFi_led_status.sh: WiFi Broadcasting SSID: Quigly
Sep 25 03:21:06 Quigly env[1549]: detect_devices.py - Found 1 connected devices.
Sep 25 03:21:06 Quigly env[1549]: detect_devices.py - Device 0: ip=10.10.10.37#011address=9c:b6:d0:8d:be:09#011hostname=(Unknown)
Sep 25 03:21:06 Quigly env[1549]: WiFi_led_status.sh: WiFi Connected to a device
Sep 25 03:21:09 Quigly systemd-timesyncd[318]: Timed out waiting for reply from 10.10.10.10:123 (2.debian.pool.ntp.org).
Sep 25 03:21:09 Quigly env[1549]: WiFi_led_status.sh: Detected Robot: GoPiGo3
Sep 25 03:21:09 Quigly env[1549]: WiFi_led_status.sh: connection_status = 1
Sep 25 03:21:09 Quigly env[1549]: WiFi_led_status.sh: WiFi Broadcasting SSID: Quigly
Sep 25 03:21:10 Quigly motion: [1:ml1] [ALR] [VID] vid_v4lx_start: Failed to open video device /dev/video0: No such file or directory
Sep 25 03:21:12 Quigly env[1549]: detect_devices.py - Found 1 connected devices.
Sep 25 03:21:12 Quigly env[1549]: detect_devices.py - Device 0: ip=10.10.10.37#011address=9c:b6:d0:8d:be:09#011hostname=(Unknown)
Sep 25 03:21:12 Quigly env[1549]: WiFi_led_status.sh: WiFi Connected to a device
Sep 25 03:21:15 Quigly env[1549]: WiFi_led_status.sh: Detected Robot: GoPiGo3
Sep 25 03:21:15 Quigly env[1549]: WiFi_led_status.sh: connection_status = 1
Sep 25 03:21:15 Quigly env[1549]: WiFi_led_status.sh: WiFi Broadcasting SSID: Quigly
Sep 25 03:21:18 Quigly env[1549]: detect_devices.py - Found 1 connected devices.
Sep 25 03:21:18 Quigly env[1549]: detect_devices.py - Device 0: ip=10.10.10.37#011address=9c:b6:d0:8d:be:09#011hostname=(Unknown)
Sep 25 03:21:18 Quigly env[1549]: WiFi_led_status.sh: WiFi Connected to a device
Sep 25 03:21:19 Quigly systemd-timesyncd[318]: Timed out waiting for reply from 10.10.10.10:123 (3.debian.pool.ntp.org).
Sep 25 03:21:20 Quigly motion: [1:ml1] [ALR] [VID] vid_v4lx_start: Failed to open video device /dev/video0: No such file or directory
Sep 25 03:21:21 Quigly env[1549]: WiFi_led_status.sh: Detected Robot: GoPiGo3
Sep 25 03:21:21 Quigly env[1549]: WiFi_led_status.sh: connection_status = 1
Sep 25 03:21:21 Quigly env[1549]: WiFi_led_status.sh: WiFi Broadcasting SSID: Quigly
Sep 25 03:21:22 Quigly systemd[1]: continuous_logger.service: Service hold-off time over, scheduling restart.
Sep 25 03:21:22 Quigly systemd[1]: Stopped Continuous logger.
Sep 25 03:21:22 Quigly systemd[1]: Started Continuous logger.
Sep 25 03:21:22 Quigly env[26873]: Continuous Logger
Sep 25 03:21:22 Quigly env[26873]: Using usb key at /media/DISK_IMG
Sep 25 03:21:24 Quigly env[1549]: detect_devices.py - Found 1 connected devices.
Sep 25 03:21:24 Quigly env[1549]: detect_devices.py - Device 0: ip=10.10.10.37#011address=9c:b6:d0:8d:be:09#011hostname=(Unknown)
Sep 25 03:21:24 Quigly env[1549]: WiFi_led_status.sh: WiFi Connected to a device
Sep 25 03:21:27 Quigly env[1549]: WiFi_led_status.sh: Detected Robot: GoPiGo3
Sep 25 03:21:27 Quigly env[1549]: WiFi_led_status.sh: connection_status = 1
Sep 25 03:21:27 Quigly env[1549]: WiFi_led_status.sh: WiFi Broadcasting SSID: Quigly
Sep 25 03:21:30 Quigly motion: [1:ml1] [ALR] [VID] vid_v4lx_start: Failed to open video device /dev/video0: No such file or directory
Sep 25 03:21:30 Quigly env[1549]: detect_devices.py - Found 1 connected devices.
Sep 25 03:21:30 Quigly env[1549]: detect_devices.py - Device 0: ip=10.10.10.37#011address=9c:b6:d0:8d:be:09#011hostname=(Unknown)
Sep 25 03:21:30 Quigly env[1549]: WiFi_led_status.sh: WiFi Connected to a device
Sep 25 03:21:34 Quigly env[1549]: WiFi_led_status.sh: Detected Robot: GoPiGo3
Sep 25 03:21:34 Quigly env[1549]: WiFi_led_status.sh: connection_status = 1
Sep 25 03:21:34 Quigly env[1549]: WiFi_led_status.sh: WiFi Broadcasting SSID: Quigly
Sep 25 03:21:36 Quigly env[1549]: detect_devices.py - Found 1 connected devices.
Sep 25 03:21:36 Quigly env[1549]: detect_devices.py - Device 0: ip=10.10.10.37#011address=9c:b6:d0:8d:be:09#011hostname=(Unknown)
Sep 25 03:21:36 Quigly env[1549]: WiFi_led_status.sh: WiFi Connected to a device
Sep 25 03:21:40 Quigly motion: [1:ml1] [ALR] [VID] vid_v4lx_start: Failed to open video device /dev/video0: No such file or directory
Sep 25 03:21:40 Quigly env[1549]: WiFi_led_status.sh: Detected Robot: GoPiGo3
Sep 25 03:21:40 Quigly env[1549]: WiFi_led_status.sh: connection_status = 1
Sep 25 03:21:40 Quigly env[1549]: WiFi_led_status.sh: WiFi Broadcasting SSID: Quigly
Sep 25 03:21:42 Quigly systemd[1]: continuous_logger.service: Service hold-off time over, scheduling restart.
Sep 25 03:21:42 Quigly systemd[1]: Stopped Continuous logger.
Sep 25 03:21:42 Quigly systemd[1]: Started Continuous logger.
Sep 25 03:21:42 Quigly env[1549]: detect_devices.py - Found 1 connected devices.
Sep 25 03:21:42 Quigly env[1549]: detect_devices.py - Device 0: ip=10.10.10.37#011address=9c:b6:d0:8d:be:09#011hostname=(Unknown)
Sep 25 03:21:43 Quigly env[1549]: WiFi_led_status.sh: WiFi Connected to a device
Sep 25 03:21:43 Quigly env[27064]: Continuous Logger
Sep 25 03:21:43 Quigly env[27064]: Using usb key at /media/DISK_IMG
Sep 25 03:21:46 Quigly env[1549]: WiFi_led_status.sh: Detected Robot: GoPiGo3
Sep 25 03:21:46 Quigly env[1549]: WiFi_led_status.sh: connection_status = 1
Sep 25 03:21:46 Quigly env[1549]: WiFi_led_status.sh: WiFi Broadcasting SSID: Quigly
Sep 25 03:21:49 Quigly env[1549]: detect_devices.py - Found 1 connected devices.
Sep 25 03:21:49 Quigly env[1549]: detect_devices.py - Device 0: ip=10.10.10.37#011address=9c:b6:d0:8d:be:09#011hostname=(Unknown)
Sep 25 03:21:49 Quigly env[1549]: WiFi_led_status.sh: WiFi Connected to a device
Sep 25 03:21:50 Quigly motion: [1:ml1] [ALR] [VID] vid_v4lx_start: Failed to open video device /dev/video0: No such file or directory
Sep 25 03:21:52 Quigly env[1549]: WiFi_led_status.sh: Detected Robot: GoPiGo3
Sep 25 03:21:52 Quigly env[1549]: WiFi_led_status.sh: connection_status = 1
Sep 25 03:21:52 Quigly env[1549]: WiFi_led_status.sh: WiFi Broadcasting SSID: Quigly
Sep 25 03:21:55 Quigly env[1549]: detect_devices.py - Found 1 connected devices.
Sep 25 03:21:55 Quigly env[1549]: detect_devices.py - Device 0: ip=10.10.10.37#011address=9c:b6:d0:8d:be:09#011hostname=(Unknown)
Sep 25 03:21:55 Quigly env[1549]: WiFi_led_status.sh: WiFi Connected to a device
Sep 25 03:21:56 Quigly dhclient[2268]: DHCPDISCOVER on eth0 to 255.255.255.255 port 67 interval 7
Sep 25 03:21:58 Quigly env[1549]: WiFi_led_status.sh: Detected Robot: GoPiGo3
Sep 25 03:21:58 Quigly env[1549]: WiFi_led_status.sh: connection_status = 1
Sep 25 03:21:58 Quigly env[1549]: WiFi_led_status.sh: WiFi Broadcasting SSID: Quigly
Sep 25 03:22:00 Quigly motion: [1:ml1] [ALR] [VID] vid_v4lx_start: Failed to open video device /dev/video0: No such file or directory
Sep 25 03:22:01 Quigly env[1549]: detect_devices.py - Found 1 connected devices.
Sep 25 03:22:01 Quigly env[1549]: detect_devices.py - Device 0: ip=10.10.10.37#011address=9c:b6:d0:8d:be:09#011hostname=(Unknown)
Sep 25 03:22:01 Quigly env[1549]: WiFi_led_status.sh: WiFi Connected to a device
Sep 25 03:22:03 Quigly systemd[1]: continuous_logger.service: Service hold-off time over, scheduling restart.
Sep 25 03:22:03 Quigly systemd[1]: Stopped Continuous logger.
Sep 25 03:22:03 Quigly systemd[1]: Started Continuous logger.
Sep 25 03:22:03 Quigly dhclient[2268]: DHCPDISCOVER on eth0 to 255.255.255.255 port 67 interval 9
Sep 25 03:22:04 Quigly env[27259]: Continuous Logger
Sep 25 03:22:04 Quigly env[27259]: Using usb key at /media/DISK_IMG
Sep 25 03:22:04 Quigly env[1549]: WiFi_led_status.sh: Detected Robot: GoPiGo3
Sep 25 03:22:04 Quigly env[1549]: WiFi_led_status.sh: connection_status = 1
Sep 25 03:22:04 Quigly env[1549]: WiFi_led_status.sh: WiFi Broadcasting SSID: Quigly
Sep 25 03:22:07 Quigly env[1549]: detect_devices.py - Found 1 connected devices.
Sep 25 03:22:07 Quigly env[1549]: detect_devices.py - Device 0: ip=10.10.10.37#011address=9c:b6:d0:8d:be:09#011hostname=(Unknown)
Sep 25 03:22:07 Quigly env[1549]: WiFi_led_status.sh: WiFi Connected to a device
Sep 25 03:22:10 Quigly motion: [1:ml1] [ALR] [VID] vid_v4lx_start: Failed to open video device /dev/video0: No such file or directory
Sep 25 03:22:10 Quigly env[1549]: WiFi_led_status.sh: Detected Robot: GoPiGo3
Sep 25 03:22:10 Quigly env[1549]: WiFi_led_status.sh: connection_status = 1
Sep 25 03:22:10 Quigly env[1549]: WiFi_led_status.sh: WiFi Broadcasting SSID: Quigly
Sep 25 03:22:12 Quigly dhclient[2268]: DHCPDISCOVER on eth0 to 255.255.255.255 port 67 interval 7
Sep 25 03:22:13 Quigly env[1549]: detect_devices.py - Found 1 connected devices.
Sep 25 03:22:13 Quigly env[1549]: detect_devices.py - Device 0: ip=10.10.10.37#011address=9c:b6:d0:8d:be:09#011hostname=(Unknown)
Sep 25 03:22:13 Quigly env[1549]: WiFi_led_status.sh: WiFi Connected to a device
Sep 25 03:22:16 Quigly env[1549]: WiFi_led_status.sh: Detected Robot: GoPiGo3
Sep 25 03:22:16 Quigly env[1549]: WiFi_led_status.sh: connection_status = 1
Sep 25 03:22:16 Quigly env[1549]: WiFi_led_status.sh: WiFi Broadcasting SSID: Quigly
Sep 25 03:22:19 Quigly dhclient[2268]: DHCPDISCOVER on eth0 to 255.255.255.255 port 67 interval 13
Sep 25 03:22:19 Quigly env[1549]: detect_devices.py - Found 1 connected devices.
Sep 25 03:22:19 Quigly env[1549]: detect_devices.py - Device 0: ip=10.10.10.37#011address=9c:b6:d0:8d:be:09#011hostname=(Unknown)
Sep 25 03:22:19 Quigly env[1549]: WiFi_led_status.sh: WiFi Connected to a device
Sep 25 03:22:20 Quigly motion: [1:ml1] [ALR] [VID] vid_v4lx_start: Failed to open video device /dev/video0: No such file or directory
Sep 25 03:22:23 Quigly env[1549]: WiFi_led_status.sh: Detected Robot: GoPiGo3
Sep 25 03:22:23 Quigly env[1549]: WiFi_led_status.sh: connection_status = 1
Sep 25 03:22:23 Quigly env[1549]: WiFi_led_status.sh: WiFi Broadcasting SSID: Quigly
Sep 25 03:22:25 Quigly systemd[1]: continuous_logger.service: Service hold-off time over, scheduling restart.
Sep 25 03:22:25 Quigly systemd[1]: Stopped Continuous logger.
Sep 25 03:22:25 Quigly systemd[1]: Started Continuous logger.
Sep 25 03:22:25 Quigly systemd[1]: wifi_debug.service: Service hold-off time over, scheduling restart.
Sep 25 03:22:25 Quigly systemd[1]: Stopped Wifi Debug.
Sep 25 03:22:25 Quigly systemd[1]: Started Wifi Debug.
Sep 25 03:22:25 Quigly env[27536]: Not Deleting older runs
Sep 25 03:22:25 Quigly env[27484]: Continuous Logger
Sep 25 03:22:25 Quigly env[27484]: Using usb key at /media/DISK_IMG
Sep 25 03:22:25 Quigly env[1549]: detect_devices.py - Found 1 connected devices.
Sep 25 03:22:25 Quigly env[1549]: detect_devices.py - Device 0: ip=10.10.10.37#011address=9c:b6:d0:8d:be:09#011hostname=(Unknown)
Sep 25 03:22:25 Quigly env[1549]: WiFi_led_status.sh: WiFi Connected to a device
Sep 25 03:22:27 Quigly env[27536]: /home/pi/Sam_Dev/wifi_debug_info.sh: line 403: warning: command substitution: ignored null byte in input
Sep 25 03:22:29 Quigly env[1549]: WiFi_led_status.sh: Detected Robot: GoPiGo3
Sep 25 03:22:29 Quigly env[1549]: WiFi_led_status.sh: connection_status = 1
Sep 25 03:22:29 Quigly env[1549]: WiFi_led_status.sh: WiFi Broadcasting SSID: Quigly
Sep 25 03:22:30 Quigly motion: [1:ml1] [ALR] [VID] vid_v4lx_start: Failed to open video device /dev/video0: No such file or directory
Sep 25 03:22:31 Quigly env[1549]: detect_devices.py - Found 1 connected devices.
Sep 25 03:22:31 Quigly env[1549]: detect_devices.py - Device 0: ip=10.10.10.37#011address=9c:b6:d0:8d:be:09#011hostname=(Unknown)
Sep 25 03:22:31 Quigly env[1549]: WiFi_led_status.sh: WiFi Connected to a device
Sep 25 03:22:32 Quigly dhclient[2268]: DHCPDISCOVER on eth0 to 255.255.255.255 port 67 interval 8
Sep 25 03:22:35 Quigly env[1549]: WiFi_led_status.sh: Detected Robot: GoPiGo3
Sep 25 03:22:35 Quigly env[1549]: WiFi_led_status.sh: connection_status = 1
Sep 25 03:22:35 Quigly env[1549]: WiFi_led_status.sh: WiFi Broadcasting SSID: Quigly
Sep 25 03:22:38 Quigly env[1549]: detect_devices.py - Found 1 connected devices.
Sep 25 03:22:38 Quigly env[1549]: detect_devices.py - Device 0: ip=10.10.10.37#011address=9c:b6:d0:8d:be:09#011hostname=(Unknown)
Sep 25 03:22:38 Quigly env[1549]: WiFi_led_status.sh: WiFi Connected to a device
Sep 25 03:22:40 Quigly motion: [1:ml1] [ALR] [VID] vid_v4lx_start: Failed to open video device /dev/video0: No such file or directory
Sep 25 03:22:40 Quigly dhclient[2268]: DHCPDISCOVER on eth0 to 255.255.255.255 port 67 interval 14
Sep 25 03:22:41 Quigly env[1549]: WiFi_led_status.sh: Detected Robot: GoPiGo3
Sep 25 03:22:41 Quigly env[1549]: WiFi_led_status.sh: connection_status = 1
Sep 25 03:22:41 Quigly env[1549]: WiFi_led_status.sh: WiFi Broadcasting SSID: Quigly
Sep 25 03:22:44 Quigly env[1549]: detect_devices.py - Found 1 connected devices.
Sep 25 03:22:44 Quigly env[1549]: detect_devices.py - Device 0: ip=10.10.10.37#011address=9c:b6:d0:8d:be:09#011hostname=(Unknown)
Sep 25 03:22:44 Quigly env[1549]: WiFi_led_status.sh: WiFi Connected to a device
Sep 25 03:22:46 Quigly systemd[1]: continuous_logger.service: Service hold-off time over, scheduling restart.
Sep 25 03:22:46 Quigly systemd[1]: Stopped Continuous logger.
Sep 25 03:22:46 Quigly systemd[1]: Started Continuous logger.
Sep 25 03:22:46 Quigly env[27799]: Continuous Logger
Sep 25 03:22:46 Quigly env[27799]: Using usb key at /media/DISK_IMG
Sep 25 03:22:47 Quigly env[1549]: WiFi_led_status.sh: Detected Robot: GoPiGo3
Sep 25 03:22:47 Quigly env[1549]: WiFi_led_status.sh: connection_status = 1
Sep 25 03:22:47 Quigly env[1549]: WiFi_led_status.sh: WiFi Broadcasting SSID: Quigly
Sep 25 03:22:50 Quigly motion: [1:ml1] [ALR] [VID] vid_v4lx_start: Failed to open video device /dev/video0: No such file or directory
Sep 25 03:22:50 Quigly env[1549]: detect_devices.py - Found 1 connected devices.
Sep 25 03:22:50 Quigly env[1549]: detect_devices.py - Device 0: ip=10.10.10.37#011address=9c:b6:d0:8d:be:09#011hostname=(Unknown)
Sep 25 03:22:50 Quigly env[1549]: WiFi_led_status.sh: WiFi Connected to a device
Sep 25 03:22:53 Quigly env[1549]: WiFi_led_status.sh: Detected Robot: GoPiGo3
Sep 25 03:22:53 Quigly env[1549]: WiFi_led_status.sh: connection_status = 1
Sep 25 03:22:53 Quigly env[1549]: WiFi_led_status.sh: WiFi Broadcasting SSID: Quigly
Sep 25 03:22:54 Quigly dhclient[2268]: DHCPDISCOVER on eth0 to 255.255.255.255 port 67 interval 3
Sep 25 03:22:56 Quigly env[1549]: detect_devices.py - Found 1 connected devices.
Sep 25 03:22:56 Quigly env[1549]: detect_devices.py - Device 0: ip=10.10.10.37#011address=9c:b6:d0:8d:be:09#011hostname=(Unknown)
Sep 25 03:22:56 Quigly env[1549]: WiFi_led_status.sh: WiFi Connected to a device
Sep 25 03:22:57 Quigly dhclient[2268]: No DHCPOFFERS received.
Sep 25 03:22:57 Quigly dhclient[2268]: No working leases in persistent database - sleeping.
Sep 25 03:22:59 Quigly env[1549]: WiFi_led_status.sh: Detected Robot: GoPiGo3
Sep 25 03:22:59 Quigly env[1549]: WiFi_led_status.sh: connection_status = 1
Sep 25 03:22:59 Quigly env[1549]: WiFi_led_status.sh: WiFi Broadcasting SSID: Quigly
Sep 25 03:23:00 Quigly motion: [1:ml1] [ALR] [VID] vid_v4lx_start: Failed to open video device /dev/video0: No such file or directory
Sep 25 03:23:02 Quigly env[1549]: detect_devices.py - Found 1 connected devices.
Sep 25 03:23:02 Quigly env[1549]: detect_devices.py - Device 0: ip=10.10.10.37#011address=9c:b6:d0:8d:be:09#011hostname=(Unknown)
Sep 25 03:23:02 Quigly env[1549]: WiFi_led_status.sh: WiFi Connected to a device
Sep 25 03:23:06 Quigly env[1549]: WiFi_led_status.sh: Detected Robot: GoPiGo3
Sep 25 03:23:06 Quigly env[1549]: WiFi_led_status.sh: connection_status = 1
Sep 25 03:23:06 Quigly env[1549]: WiFi_led_status.sh: WiFi Broadcasting SSID: Quigly
Sep 25 03:23:06 Quigly systemd[1]: continuous_logger.service: Service hold-off time over, scheduling restart.
Sep 25 03:23:06 Quigly systemd[1]: Stopped Continuous logger.
Sep 25 03:23:06 Quigly systemd[1]: Started Continuous logger.
Sep 25 03:23:07 Quigly env[28032]: Continuous Logger
Sep 25 03:23:07 Quigly env[28032]: Using usb key at /media/DISK_IMG
Sep 25 03:23:08 Quigly env[1549]: detect_devices.py - Found 1 connected devices.
Sep 25 03:23:08 Quigly env[1549]: detect_devices.py - Device 0: ip=10.10.10.37#011address=9c:b6:d0:8d:be:09#011hostname=(Unknown)
Sep 25 03:23:08 Quigly env[1549]: WiFi_led_status.sh: WiFi Connected to a device
Sep 25 03:23:10 Quigly motion: [1:ml1] [ALR] [VID] vid_v4lx_start: Failed to open video device /dev/video0: No such file or directory
Sep 25 03:23:12 Quigly env[1549]: WiFi_led_status.sh: Detected Robot: GoPiGo3
Sep 25 03:23:12 Quigly env[1549]: WiFi_led_status.sh: connection_status = 1
Sep 25 03:23:12 Quigly env[1549]: WiFi_led_status.sh: WiFi Broadcasting SSID: Quigly
Sep 25 03:23:15 Quigly env[1549]: detect_devices.py - Found 1 connected devices.
Sep 25 03:23:15 Quigly env[1549]: detect_devices.py - Device 0: ip=10.10.10.37#011address=9c:b6:d0:8d:be:09#011hostname=(Unknown)
Sep 25 03:23:15 Quigly env[1549]: WiFi_led_status.sh: WiFi Connected to a device
Sep 25 03:23:18 Quigly env[1549]: WiFi_led_status.sh: Detected Robot: GoPiGo3
Sep 25 03:23:18 Quigly env[1549]: WiFi_led_status.sh: connection_status = 1
Sep 25 03:23:18 Quigly env[1549]: WiFi_led_status.sh: WiFi Broadcasting SSID: Quigly
Sep 25 03:23:20 Quigly motion: [1:ml1] [ALR] [VID] vid_v4lx_start: Failed to open video device /dev/video0: No such file or directory
Sep 25 03:23:21 Quigly env[1549]: detect_devices.py - Found 1 connected devices.
Sep 25 03:23:21 Quigly env[1549]: detect_devices.py - Device 0: ip=10.10.10.37#011address=9c:b6:d0:8d:be:09#011hostname=(Unknown)
Sep 25 03:23:21 Quigly env[1549]: WiFi_led_status.sh: WiFi Connected to a device
Sep 25 03:23:24 Quigly env[1549]: WiFi_led_status.sh: Detected Robot: GoPiGo3
Sep 25 03:23:24 Quigly env[1549]: WiFi_led_status.sh: connection_status = 1
Sep 25 03:23:24 Quigly env[1549]: WiFi_led_status.sh: WiFi Broadcasting SSID: Quigly
Sep 25 03:23:27 Quigly env[1549]: detect_devices.py - Found 1 connected devices.
Sep 25 03:23:27 Quigly env[1549]: detect_devices.py - Device 0: ip=10.10.10.37#011address=9c:b6:d0:8d:be:09#011hostname=(Unknown)
Sep 25 03:23:27 Quigly env[1549]: WiFi_led_status.sh: WiFi Connected to a device
Sep 25 03:23:27 Quigly systemd[1]: continuous_logger.service: Service hold-off time over, scheduling restart.
Sep 25 03:23:27 Quigly systemd[1]: Stopped Continuous logger.
Sep 25 03:23:27 Quigly systemd[1]: Started Continuous logger.
Sep 25 03:23:27 Quigly env[28227]: Continuous Logger
Sep 25 03:23:27 Quigly env[28227]: Using usb key at /media/DISK_IMG
